---
source: tests/tui_snapshot.rs
expression: view
---
  KESA (dummy/dummy-model)  <cwd>  mode: default

    line 12
    line 13
    line 14
    line 15
    line 16
    line 17
    line 18
    line 19
    line 20
    line 21
    line 22
    line 23
    line 24
    line 25


      Analysis complete.
  Tool output expanded
  ╭ think off · Enter send · \+Enter newline · @file context ────────────────╮
  │ > Type a message... (/help, /exit)                                       │
  ╰──────────────────────────────────────────────────────────────────────────╯
  Scroll 100%  |  0/0 tokens  |  Persist: balanced  |  Ctrl+C quit
