---
source: tests/tui_snapshot.rs
expression: view
---
  KESA (dummy/dummy-model)  <cwd>  mode: default
  ctrl+l: model  ctrl+o: tools  shift+tab: mode  /help
  0 skills  0 prompts  0 themes  0 extensions  (0 resources ready)


  ⎿ Read(src/main.rs)
    file contents here
  ╭ think off ───────────────────────────────────────────────────────────────╮
  │ > Type a message... (/help, /exit)                                       │
  ╰──────────────────────────────────────────────────────────────────────────╯

  <cwd>  |  0/0 tokens  |  Persist: balanced  |  Ctrl+C quit
