---
source: tests/tui_snapshot.rs
expression: view
---
  KESA (dummy/dummy-model)  <cwd>


















  ● Usage sample.
  ╭ default · think off · Enter send · \+Enter newline · @file context ──────╮
  │ > Type a message... (/help, /exit)                                       │
  ╰──────────────────────────────────────────────────────────────────────────╯
  snapshot-fixture  |  Tokens: 120 in / 45 out ($0.0030)  |  Ctrl+C quit
