---
source: tests/tui_snapshot.rs
expression: view
---
  Kode (dummy/dummy-model)  <cwd>  ...
  ctrl+l: model  ctrl+o: tools  shift+tab: mode...
  0 skills  0 prompts  0 themes  0 extensions  ...


  ●
      This is a longer assistant response that
      should wrap across multiple lines.
  ╭ think off ─────────────────────────────────╮
  │ > Type a message... (/help, /exit)         │
  ╰────────────────────────────────────────────╯

  <cwd>  |  0/0 tokens  |  Persist:...
