---
source: tests/tui_snapshot.rs
expression: view
---
  KESA (dummy/dummy-model)  <cwd>













  ● This is a longer assistant response that
      should wrap across multiple lines.
  ╭ default · think off · Enter send ──────────╮
  │ > Type a message... (/help, /exit)         │
  ╰────────────────────────────────────────────╯
  Tokens: 0 in / 0 out  |  Ctrl+C quit
