---
source: tests/tui_snapshot.rs
expression: view
---
  KESA (dummy/dummy-model)  <cwd>  mode: default
  ctrl+l: model  ctrl+o: tools  shift+tab: mode  /help

  ╭──────────────────────────────────────────────────────────────────────────╮
  │ Welcome to KESA!                                                         │
  │ Ask for a change, paste an error, or drag files here.                    │
  ╰──────────────────────────────────────────────────────────────────────────╯












  ╭ think off · Enter send · \+Enter newline · @file context ────────────────╮
  │ > first line                                                             │
  │   second line                                                            │
  ╰──────────────────────────────────────────────────────────────────────────╯
  Tokens: 0 in / 0 out  |  Persist: balanced  |  Ctrl+C quit
