---
source: tests/tui_snapshot.rs
expression: view
---
  Kode (dummy/dummy-model)  <cwd>  mode: default
  ctrl+l: model  ctrl+o: tools  shift+tab: mode  /help
  0 skills  0 prompts  0 themes  0 extensions  (0 resources ready)


  ●
      Usage sample.
  ╭ think off ───────────────────────────────────────────────────────────────╮
  │ > Type a message... (/help, /exit)                                       │
  ╰──────────────────────────────────────────────────────────────────────────╯

  <cwd>  |  120/45 tokens ($0.0030)  |  Ctrl+C quit
