---
source: tests/tui_snapshot.rs
expression: view
---
  KESA (dummy/dummy-model)  <cwd>  mode: default

      Assistant reply 7



  › User message 8


      Assistant reply 8



  › User message 9


      Assistant reply 9



  ╭ think off · Enter send · Shift+Enter newline · @file context ────────────╮
  │ > Type a message... (/help, /exit)                                       │
  ╰──────────────────────────────────────────────────────────────────────────╯
  Scroll 71%  |  0/0 tokens  |  Persist: balanced  |  Ctrl+C quit
