---
source: tests/tui_snapshot.rs
expression: view
---
  KESA (dummy/dummy-model)  <cwd>  mode: default
  ctrl+l: model  ctrl+o: tools  shift+tab: mode  /help

    line 16
    line 17
    line 18
    line 19
    line 20
    line 21
    line 22
    line 23
    line 24
    line 25


      Analysis complete.
  [100%] PgUp/PgDn or Shift+↑/↓ to scroll

  Tool output expanded
  ╭ think off · Enter send · Shift+Enter newline · @file context ────────────╮
  │ > Type a message... (/help, /exit)                                       │
  ╰──────────────────────────────────────────────────────────────────────────╯

  Tokens: 0 in / 0 out  |  Persist: balanced  |  Ctrl+C quit
